// Jest Snapshot v1, https://goo.gl/fbAQLP

exports[`DotsMenu displays a DotsMenu 1`] = `
<div>
  <div>
    <div
      class="mui-button-mock"
    >
      <div
        class="mui-MoreVertIcon-mock"
      />
    </div>
    <div
      class="mui-Menu-mock"
    >
      <div
        class="mui-MenuItem-mock"
        data-testid="mui-MenuItem-mock"
      >
        foo
      </div>
    </div>
  </div>
</div>
`;
