// Jest Snapshot v1, https://goo.gl/fbAQLP

exports[`MentionsLegales renders 1`] = `
<div>
  <div
    class="mentionsLegales"
  >
    <div
      class="version"
    >
      DataCorner@
      <strong />
    </div>
    <ul
      class="mentionLegalesList"
    >
      <li>
        <a
          href="https://donnees.en-marche.fr/"
        >
          Mes données personnelles
        </a>
      </li>
      <li>
        <a
          href="https://en-marche.fr/mentions-legales"
        >
          Mentions légales
        </a>
      </li>
      <li>
        <a
          href="https://en-marche.fr/politique-cookies"
        >
          Politique de cookies
        </a>
      </li>
      <li>
        <a
          href="https://en-marche.fr/politique-protection-donnees"
        >
          Politique de protection des données
        </a>
      </li>
      <li>
        <a
          href="https://www.bkms-system.com/bkwebanon/report/clientInfo?cin=Jp3wHD&c=-1&language=fre"
        >
          Cellule d'alerte
        </a>
      </li>
    </ul>
    <div
      class="signature"
    >
      Designé et assemblé par le Pôle Tech & Innovation
    </div>
  </div>
</div>
`;
