// Vitest Snapshot v1, https://vitest.dev/guide/snapshot.html

exports[`TextField > displays TextField 1`] = `
<div>
  <div
    class="css-1yf0ffy"
    id="foo"
    name="foo"
    value="foo-values"
    variant="outlined"
  />
  <div
    class="AlertBannerMock"
    message="foo-errors"
    severity="error"
  />
</div>
`;

exports[`TextField displays TextField 1`] = `
<div>
  <div
    class="css-1yf0ffy"
    id="foo"
    name="foo"
    value="foo-values"
    variant="outlined"
  />
  <div
    class="AlertBannerMock"
    message="foo-errors"
    severity="error"
  />
</div>
`;
