// Jest Snapshot v1, https://goo.gl/fbAQLP

exports[`TextField displays TextField 1`] = `
<div>
  <div
    class="css-1an706"
    error="false"
    id="foo"
    name="foo"
    value="foo-values"
    variant="outlined"
  />
  <div
    class="AlertBannerMock"
    message="foo-errors"
    severity="error"
  />
</div>
`;
